TAP version 13
# Subtest: independent formatter: exhaustive feasible partitions, spaces and variable-width graphemes
ok 1 - independent formatter: exhaustive feasible partitions, spaces and variable-width graphemes
  ---
  duration_ms: 695.195616
  type: 'test'
  ...
# Subtest: independent formatter: seeded mixed Unicode oracle and determinism
ok 2 - independent formatter: seeded mixed Unicode oracle and determinism
  ---
  duration_ms: 29.721164
  type: 'test'
  ...
# Subtest: independent formatter: paragraph then sentence then word, preserving separators
ok 3 - independent formatter: paragraph then sentence then word, preserving separators
  ---
  duration_ms: 12.422592
  type: 'test'
  ...
# Subtest: independent formatter: giant clusters and invalid inputs rejected before first send
ok 4 - independent formatter: giant clusters and invalid inputs rejected before first send
  ---
  duration_ms: 6.054959
  type: 'test'
  ...
# Subtest: independent formatter: exact 256 KiB admission and one-byte overflow
ok 5 - independent formatter: exact 256 KiB admission and one-byte overflow
  ---
  duration_ms: 243.325802
  type: 'test'
  ...
# Subtest: independent formatter integration: unknown after real split halts and all replays are send-free
ok 6 - independent formatter integration: unknown after real split halts and all replays are send-free
  ---
  duration_ms: 14.116193
  type: 'test'
  ...
# Subtest: independent formatter integration: rejected second real part is PARTIAL, exception is UNKNOWN
ok 7 - independent formatter integration: rejected second real part is PARTIAL, exception is UNKNOWN
  ---
  duration_ms: 6.855095
  type: 'test'
  ...
# Subtest: independent formatter integration: injected Unicode boundary damage rejected atomically
ok 8 - independent formatter integration: injected Unicode boundary damage rejected atomically
  ---
  duration_ms: 0.507192
  type: 'test'
  ...
# Subtest: formatter: short, 4096 and 4097 units keep exact text without added markup
ok 9 - formatter: short, 4096 and 4097 units keep exact text without added markup
  ---
  duration_ms: 11.131457
  type: 'test'
  ...
# Subtest: formatter: paragraph, sentence, word then grapheme preference
ok 10 - formatter: paragraph, sentence, word then grapheme preference
  ---
  duration_ms: 4.362488
  type: 'test'
  ...
# Subtest: formatter: full-input graphemes including ZWJ, modifiers, flags, keycap, combining marks
ok 11 - formatter: full-input graphemes including ZWJ, modifiers, flags, keycap, combining marks
  ---
  duration_ms: 21.098437
  type: 'test'
  ...
# Subtest: formatter: whitespace remains exact and cannot create empty posts
ok 12 - formatter: whitespace remains exact and cannot create empty posts
  ---
  duration_ms: 14.009095
  type: 'test'
  ...
# Subtest: formatter: reject invalid input/limit and an oversized indivisible grapheme
ok 13 - formatter: reject invalid input/limit and an oversized indivisible grapheme
  ---
  duration_ms: 4.428848
  type: 'test'
  ...
# Subtest: formatter + Publisher: real split is sequential; uncertain second send stops without retry
ok 14 - formatter + Publisher: real split is sequential; uncertain second send stops without retry
  ---
  duration_ms: 26.028489
  type: 'test'
  ...
# Subtest: formatter + Publisher: invalid final cluster and unsafe injected cuts send nothing
ok 15 - formatter + Publisher: invalid final cluster and unsafe injected cuts send nothing
  ---
  duration_ms: 1.462779
  type: 'test'
  ...
# Subtest: independent raw MCP: handshake, one tool, concurrent stable state, restarted state differs
ok 16 - independent raw MCP: handshake, one tool, concurrent stable state, restarted state differs
  ---
  duration_ms: 93.942569
  type: 'test'
  ...
# Subtest: independent raw HTTP: authentication covers all methods and hostile Host/Origin rejected
ok 17 - independent raw HTTP: authentication covers all methods and hostile Host/Origin rejected
  ---
  duration_ms: 15.756445
  type: 'test'
  ...
# Subtest: independent raw HTTP: invalid JSON, RPC shape, extra tool arguments and chunked oversize rejected
ok 18 - independent raw HTTP: invalid JSON, RPC shape, extra tool arguments and chunked oversize rejected
  ---
  duration_ms: 21.37748
  type: 'test'
  ...
# Subtest: independent CLI guards refuse production, external HOST and publishing enabled
ok 19 - independent CLI guards refuse production, external HOST and publishing enabled
  ---
  duration_ms: 661.741162
  type: 'test'
  ...
# Subtest: QA core: observable registration precedes sender, held send dedups and blocks another story
ok 20 - QA core: observable registration precedes sender, held send dedups and blocks another story
  ---
  duration_ms: 8.270715
  type: 'test'
  ...
# Subtest: QA core: full registry never evicts; disabling and throwing readiness cannot overwrite replay
ok 21 - QA core: full registry never evicts; disabling and throwing readiness cannot overwrite replay
  ---
  duration_ms: 3.778654
  type: 'test'
  ...
# Subtest: QA core: results and status snapshots cannot mutate the retained registry
ok 22 - QA core: results and status snapshots cannot mutate the retained registry
  ---
  duration_ms: 0.47905
  type: 'test'
  ...
# Subtest: QA core: delivery outcome matrix stops immediately and never replays a side effect
ok 23 - QA core: delivery outcome matrix stops immediately and never replays a side effect
  ---
  duration_ms: 4.032009
  type: 'test'
  ...
# Subtest: QA core: stale instance and unknown attempts preserve uncertainty without sending
ok 24 - QA core: stale instance and unknown attempts preserve uncertainty without sending
  ---
  duration_ms: 0.327406
  type: 'test'
  ...
# Subtest: QA core: validate the entire formatted package before first mock send
ok 25 - QA core: validate the entire formatted package before first mock send
  ---
  duration_ms: 0.432982
  type: 'test'
  ...
# Subtest: QA core: injected part array, caller input and options cannot redirect pending delivery
ok 26 - QA core: injected part array, caller input and options cannot redirect pending delivery
  ---
  duration_ms: 3.263129
  type: 'test'
  ...
# Subtest: QA core: mutating sender injection after construction cannot replace subsequent part delivery
ok 27 - QA core: mutating sender injection after construction cannot replace subsequent part delivery
  ---
  duration_ms: 2.797498
  type: 'test'
  ...
# Subtest: QA core: unexpected exception while interpreting delivery becomes terminal UNKNOWN
ok 28 - QA core: unexpected exception while interpreting delivery becomes terminal UNKNOWN
  ---
  duration_ms: 0.402226
  type: 'test'
  ...
# Subtest: success and replay preserve exact text/channel and return detached schema-valid results
ok 29 - success and replay preserve exact text/channel and return detached schema-valid results
  ---
  duration_ms: 10.120077
  type: 'test'
  ...
# Subtest: canonical story dedup, conflicting content and attempt-story bindings
ok 30 - canonical story dedup, conflicting content and attempt-story bindings
  ---
  duration_ms: 1.000984
  type: 'test'
  ...
# Subtest: replay success survives disablement, loss of readiness and full registry
ok 31 - replay success survives disablement, loss of readiness and full registry
  ---
  duration_ms: 1.033583
  type: 'test'
  ...
# Subtest: lost registry and stale instance are UNKNOWN, never proof of non-publication
ok 32 - lost registry and stale instance are UNKNOWN, never proof of non-publication
  ---
  duration_ms: 2.100515
  type: 'test'
  ...
# Subtest: atomic registration: in-flight replay reads state; other stories are BUSY
ok 33 - atomic registration: in-flight replay reads state; other stories are BUSY
  ---
  duration_ms: 0.76841
  type: 'test'
  ...
# Subtest: multipart: sequential success, partial rejection, unknown and zero automatic retries
ok 34 - multipart: sequential success, partial rejection, unknown and zero automatic retries
  ---
  duration_ms: 3.410087
  type: 'test'
  ...
# Subtest: first-part definitive rejection is retained; readiness fail-closed
ok 35 - first-part definitive rejection is retained; readiness fail-closed
  ---
  duration_ms: 0.560011
  type: 'test'
  ...
# Subtest: structural input and full formatted package validation precede all sends
ok 36 - structural input and full formatted package validation precede all sends
  ---
  duration_ms: 1.992611
  type: 'test'
  ...
# Subtest: official MCP client: initialize, list, read twice; one readonly tool, stable instance
ok 37 - official MCP client: initialize, list, read twice; one readonly tool, stable instance
  ---
  duration_ms: 112.296476
  type: 'test'
  ...
# Subtest: HTTP boundary rejects unauthorized calls, hostile origins, malformed and oversized input
ok 38 - HTTP boundary rejects unauthorized calls, hostile origins, malformed and oversized input
  ---
  duration_ms: 32.855001
  type: 'test'
  ...
# Subtest: new server lifetime produces a new instance ID; invalid config never starts
ok 39 - new server lifetime produces a new instance ID; invalid config never starts
  ---
  duration_ms: 27.888736
  type: 'test'
  ...
# Subtest: QA HTTP: exact endpoint/body with Unicode and safe prefix, no token in result/body
ok 40 - QA HTTP: exact endpoint/body with Unicode and safe prefix, no token in result/body
  ---
  duration_ms: 43.776121
  type: 'test'
  ...
# Subtest: QA HTTP: independent status/body matrix, one POST per invocation
ok 41 - QA HTTP: independent status/body matrix, one POST per invocation
  ---
  duration_ms: 113.674204
  type: 'test'
  ...
# Subtest: QA HTTP: malformed UTF8/JSON, chunked overflow and declared overflow are unknown
ok 42 - QA HTTP: malformed UTF8/JSON, chunked overflow and declared overflow are unknown
  ---
  duration_ms: 109.363607
  type: 'test'
  ...
# Subtest: QA HTTP: exact 64 KiB response can confirm; one extra byte is unknown
ok 43 - QA HTTP: exact 64 KiB response can confirm; one extra byte is unknown
  ---
  duration_ms: 11.215051
  type: 'test'
  ...
# Subtest: QA HTTP: timeout covers headers and streamed body; socket reset has no retry
ok 44 - QA HTTP: timeout covers headers and streamed body; socket reset has no retry
  ---
  duration_ms: 194.94005
  type: 'test'
  ...
# Subtest: QA HTTP: all redirect types refuse following another local destination
ok 45 - QA HTTP: all redirect types refuse following another local destination
  ---
  duration_ms: 10.45921
  type: 'test'
  ...
# Subtest: QA HTTP: unsafe roots, URL injection tokens and invalid timeouts cannot create a sender
ok 46 - QA HTTP: unsafe roots, URL injection tokens and invalid timeouts cannot create a sender
  ---
  duration_ms: 0.678616
  type: 'test'
  ...
# Subtest: QA HTTP: early header refusal cancels the unconsumed response stream
ok 47 - QA HTTP: early header refusal cancels the unconsumed response stream
  ---
  duration_ms: 250.784923
  type: 'test'
  ...
# Subtest: QA Publisher HTTP: real formatter + response loss stops and replay never sends
ok 48 - QA Publisher HTTP: real formatter + response loss stops and replay never sends
  ---
  duration_ms: 61.052025
  type: 'test'
  ...
# Subtest: Telegram adapter sends one exact JSON request and confirms only a positive safe message_id
ok 49 - Telegram adapter sends one exact JSON request and confirms only a positive safe message_id
  ---
  duration_ms: 27.779384
  type: 'test'
  ...
# Subtest: Telegram adapter classifies definitive 4xx without parsing bodies and never retries
ok 50 - Telegram adapter classifies definitive 4xx without parsing bodies and never retries
  ---
  duration_ms: 27.456511
  type: 'test'
  ...
# Subtest: Telegram adapter maps timeout, disconnect, 408, 5xx and malformed success to unknown with one request each
ok 51 - Telegram adapter maps timeout, disconnect, 408, 5xx and malformed success to unknown with one request each
  ---
  duration_ms: 43.428992
  type: 'test'
  ...
# Subtest: Telegram adapter refuses redirects and oversized bodies without following or confirming
ok 52 - Telegram adapter refuses redirects and oversized bodies without following or confirming
  ---
  duration_ms: 8.62461
  type: 'test'
  ...
# Subtest: Telegram adapter rejects unsafe configuration and invalid direct inputs before HTTP
ok 53 - Telegram adapter rejects unsafe configuration and invalid direct inputs before HTTP
  ---
  duration_ms: 1.164958
  type: 'test'
  ...
# Subtest: Publisher + real HTTP adapter stops after unknown second part and replays no side effects
ok 54 - Publisher + real HTTP adapter stops after unknown second part and replays no side effects
  ---
  duration_ms: 6.646566
  type: 'test'
  ...
1..54
# tests 54
# suites 0
# pass 54
# fail 0
# cancelled 0
# skipped 0
# todo 0
# duration_ms 1244.647857
