TAP version 13
# Subtest: independent raw MCP: handshake, one tool, concurrent stable state, restarted state differs
ok 1 - independent raw MCP: handshake, one tool, concurrent stable state, restarted state differs
  ---
  duration_ms: 96.113584
  type: 'test'
  ...
# Subtest: independent raw HTTP: authentication covers all methods and hostile Host/Origin rejected
ok 2 - independent raw HTTP: authentication covers all methods and hostile Host/Origin rejected
  ---
  duration_ms: 16.848556
  type: 'test'
  ...
# Subtest: independent raw HTTP: invalid JSON, RPC shape, extra tool arguments and chunked oversize rejected
ok 3 - independent raw HTTP: invalid JSON, RPC shape, extra tool arguments and chunked oversize rejected
  ---
  duration_ms: 15.657989
  type: 'test'
  ...
# Subtest: independent CLI guards refuse production, external HOST and publishing enabled
ok 4 - independent CLI guards refuse production, external HOST and publishing enabled
  ---
  duration_ms: 630.150438
  type: 'test'
  ...
# Subtest: QA core: observable registration precedes sender, held send dedups and blocks another story
ok 5 - QA core: observable registration precedes sender, held send dedups and blocks another story
  ---
  duration_ms: 7.909356
  type: 'test'
  ...
# Subtest: QA core: full registry never evicts; disabling and throwing readiness cannot overwrite replay
ok 6 - QA core: full registry never evicts; disabling and throwing readiness cannot overwrite replay
  ---
  duration_ms: 1.051828
  type: 'test'
  ...
# Subtest: QA core: results and status snapshots cannot mutate the retained registry
ok 7 - QA core: results and status snapshots cannot mutate the retained registry
  ---
  duration_ms: 0.639264
  type: 'test'
  ...
# Subtest: QA core: delivery outcome matrix stops immediately and never replays a side effect
ok 8 - QA core: delivery outcome matrix stops immediately and never replays a side effect
  ---
  duration_ms: 6.489914
  type: 'test'
  ...
# Subtest: QA core: stale instance and unknown attempts preserve uncertainty without sending
ok 9 - QA core: stale instance and unknown attempts preserve uncertainty without sending
  ---
  duration_ms: 0.4439
  type: 'test'
  ...
# Subtest: QA core: validate the entire formatted package before first mock send
ok 10 - QA core: validate the entire formatted package before first mock send
  ---
  duration_ms: 0.620646
  type: 'test'
  ...
# Subtest: QA core: injected part array, caller input and options cannot redirect pending delivery
ok 11 - QA core: injected part array, caller input and options cannot redirect pending delivery
  ---
  duration_ms: 0.549209
  type: 'test'
  ...
# Subtest: QA core: mutating sender injection after construction cannot replace subsequent part delivery
ok 12 - QA core: mutating sender injection after construction cannot replace subsequent part delivery
  ---
  duration_ms: 0.526254
  type: 'test'
  ...
# Subtest: QA core: unexpected exception while interpreting delivery becomes terminal UNKNOWN
ok 13 - QA core: unexpected exception while interpreting delivery becomes terminal UNKNOWN
  ---
  duration_ms: 0.563731
  type: 'test'
  ...
# Subtest: success and replay preserve exact text/channel and return detached schema-valid results
ok 14 - success and replay preserve exact text/channel and return detached schema-valid results
  ---
  duration_ms: 6.751689
  type: 'test'
  ...
# Subtest: canonical story dedup, conflicting content and attempt-story bindings
ok 15 - canonical story dedup, conflicting content and attempt-story bindings
  ---
  duration_ms: 0.798004
  type: 'test'
  ...
# Subtest: replay success survives disablement, loss of readiness and full registry
ok 16 - replay success survives disablement, loss of readiness and full registry
  ---
  duration_ms: 1.109104
  type: 'test'
  ...
# Subtest: lost registry and stale instance are UNKNOWN, never proof of non-publication
ok 17 - lost registry and stale instance are UNKNOWN, never proof of non-publication
  ---
  duration_ms: 0.426543
  type: 'test'
  ...
# Subtest: atomic registration: in-flight replay reads state; other stories are BUSY
ok 18 - atomic registration: in-flight replay reads state; other stories are BUSY
  ---
  duration_ms: 1.547315
  type: 'test'
  ...
# Subtest: multipart: sequential success, partial rejection, unknown and zero automatic retries
ok 19 - multipart: sequential success, partial rejection, unknown and zero automatic retries
  ---
  duration_ms: 3.450677
  type: 'test'
  ...
# Subtest: first-part definitive rejection is retained; readiness fail-closed
ok 20 - first-part definitive rejection is retained; readiness fail-closed
  ---
  duration_ms: 0.45041
  type: 'test'
  ...
# Subtest: structural input and full formatted package validation precede all sends
ok 21 - structural input and full formatted package validation precede all sends
  ---
  duration_ms: 2.037164
  type: 'test'
  ...
# Subtest: official MCP client: initialize, list, read twice; one readonly tool, stable instance
ok 22 - official MCP client: initialize, list, read twice; one readonly tool, stable instance
  ---
  duration_ms: 124.269459
  type: 'test'
  ...
# Subtest: HTTP boundary rejects unauthorized calls, hostile origins, malformed and oversized input
ok 23 - HTTP boundary rejects unauthorized calls, hostile origins, malformed and oversized input
  ---
  duration_ms: 34.949502
  type: 'test'
  ...
# Subtest: new server lifetime produces a new instance ID; invalid config never starts
ok 24 - new server lifetime produces a new instance ID; invalid config never starts
  ---
  duration_ms: 27.719721
  type: 'test'
  ...
1..24
# tests 24
# suites 0
# pass 24
# fail 0
# cancelled 0
# skipped 0
# todo 0
# duration_ms 1065.803546
